src/components/Intro/Intro.tsx(64,11): error TS2322: Type '{ duration: number; type: string; }' is not assignable to type 'Transition<any> | undefined'.
  Type '{ duration: number; type: string; }' is not assignable to type 'TransitionWithValueOverrides<any>'.
    Type '{ duration: number; type: string; }' is not assignable to type 'ValueAnimationTransition<any>'.
      Types of property 'type' are incompatible.
        Type 'string' is not assignable to type 'AnimationGeneratorType | undefined'.
src/components/Intro/Intro.tsx(71,11): error TS2322: Type '{ duration: number; type: string; }' is not assignable to type 'Transition<any> | undefined'.
  Type '{ duration: number; type: string; }' is not assignable to type 'TransitionWithValueOverrides<any>'.
    Type '{ duration: number; type: string; }' is not assignable to type 'ValueAnimationTransition<any>'.
      Types of property 'type' are incompatible.
        Type 'string' is not assignable to type 'AnimationGeneratorType | undefined'.
src/components/Intro/Intro.tsx(81,11): error TS2322: Type '{ duration: number; type: string; }' is not assignable to type 'Transition<any> | undefined'.
  Type '{ duration: number; type: string; }' is not assignable to type 'TransitionWithValueOverrides<any>'.
    Type '{ duration: number; type: string; }' is not assignable to type 'ValueAnimationTransition<any>'.
      Types of property 'type' are incompatible.
        Type 'string' is not assignable to type 'AnimationGeneratorType | undefined'.
src/components/Portfolio/Portfolio.tsx(31,13): error TS2322: Type '{ src: string; alt: string; width: string; heigh: string; filter: string; "border-radius": string; }' is not assignable to type 'DetailedHTMLProps<ImgHTMLAttributes<HTMLImageElement>, HTMLImageElement>'.
  Property 'heigh' does not exist on type 'DetailedHTMLProps<ImgHTMLAttributes<HTMLImageElement>, HTMLImageElement>'. Did you mean 'height'?
src/components/Portfolio/Portfolio.tsx(42,15): error TS2322: Type '{ src: string; alt: string; width: string; heigh: string; filter: string; "border-radius": string; }' is not assignable to type 'DetailedHTMLProps<ImgHTMLAttributes<HTMLImageElement>, HTMLImageElement>'.
  Property 'heigh' does not exist on type 'DetailedHTMLProps<ImgHTMLAttributes<HTMLImageElement>, HTMLImageElement>'. Did you mean 'height'?
src/components/Portfolio/Portfolio.tsx(54,15): error TS2322: Type '{ src: string; alt: string; width: string; heigh: string; filter: string; "border-radius": string; }' is not assignable to type 'DetailedHTMLProps<ImgHTMLAttributes<HTMLImageElement>, HTMLImageElement>'.
  Property 'heigh' does not exist on type 'DetailedHTMLProps<ImgHTMLAttributes<HTMLImageElement>, HTMLImageElement>'. Did you mean 'height'?
src/components/Service/Service.tsx(5,20): error TS2307: Cannot find module './resume.pdf' or its corresponding type declarations.
src/components/Service/Service.tsx(27,9): error TS2339: Property 'spane' does not exist on type 'JSX.IntrinsicElements'.
src/components/Service/Service.tsx(31,9): error TS2339: Property 'spane' does not exist on type 'JSX.IntrinsicElements'.
src/components/Service/Service.tsx(45,11): error TS2322: Type '{ duration: number; type: string; }' is not assignable to type 'Transition<any> | undefined'.
  Type '{ duration: number; type: string; }' is not assignable to type 'TransitionWithValueOverrides<any>'.
    Type '{ duration: number; type: string; }' is not assignable to type 'ValueAnimationTransition<any>'.
      Types of property 'type' are incompatible.
        Type 'string' is not assignable to type 'AnimationGeneratorType | undefined'.
src/components/Service/Service.tsx(59,11): error TS2322: Type '{ duration: number; type: string; }' is not assignable to type 'Transition<any> | undefined'.
  Type '{ duration: number; type: string; }' is not assignable to type 'TransitionWithValueOverrides<any>'.
    Type '{ duration: number; type: string; }' is not assignable to type 'ValueAnimationTransition<any>'.
      Types of property 'type' are incompatible.
        Type 'string' is not assignable to type 'AnimationGeneratorType | undefined'.
src/components/Service/Service.tsx(73,11): error TS2322: Type '{ duration: number; type: string; }' is not assignable to type 'Transition<any> | undefined'.
  Type '{ duration: number; type: string; }' is not assignable to type 'TransitionWithValueOverrides<any>'.
    Type '{ duration: number; type: string; }' is not assignable to type 'ValueAnimationTransition<any>'.
      Types of property 'type' are incompatible.
        Type 'string' is not assignable to type 'AnimationGeneratorType | undefined'.
src/components/Testimonials/Testimonial.tsx(6,10): error TS2614: Module '"swiper"' has no exported member 'Pagination'. Did you mean to use 'import Pagination from "swiper"' instead?
src/components/Works/Works.tsx(27,11): error TS2339: Property 'spane' does not exist on type 'JSX.IntrinsicElements'.
src/components/Works/Works.tsx(36,11): error TS2339: Property 'spane' does not exist on type 'JSX.IntrinsicElements'.
